0 .97530864197530864198 .02469135802469135802 81 4 2.00000000000000000000 .50000000000000000000 -1 4 1 1.25000000000000000000 .75000000000000000000 4
