0 0.97530864197530860000 0.02469135802469135700 81 4 2 0.50000000000000000000 -1 4 1 1.25000000000000000000 0.75000000000000000000 4
