1 2 1.00000000000000000000 4 -5659 31245.77777777777777777778 64.00000000000000000000
