-0.27941549819892586000 0.96017028665036600000 403.42879349273510000000 1.79175946922805500000 -0.27579386275407860000 0.57338048036962150000 2147483647 0.58319808078265920000
