-.27941549819892587281 .96017028665036602054 403.42879349273512260838 1.79175946922805500081 -.27579386275407860489 .57338048036962148561 16102705667793720748756187810493915099027737548443545161185155136598\ 96558529079011342504938150459880608297326635685381635200998808692478\ 3839827727617459079857753658930494410194.52949770293644373268 .58319808078265929790
