1.00000000000000000000 2.71828182845904523536 7.38905609893065022723 20.08553692318766774092 54.59815003314423907811 148.41315910257660342111 403.42879349273512260838 1096.63315842845859926372 2980.95798704172827474359 8103.08392757538400770999 22026.46579480671651695790 59874.14171519781845532648 162754.79141900392080800520 442413.39200892050332610277 1202604.28416477677774923677 3269017.37247211063930185504 8886110.52050787263676302374 24154952.75357529821477543518 65659969.13733051113878650325
