2.23606797749978969640 1.49534878122122054190 2.23606797749978969637 4.99999999999999999995 10 9
