1 2.71828182845904500000 7.38905609893065000000 20.08553692318766800000 54.59815003314423600000 148.41315910257660000000 403.42879349273510000000 1096.63315842845850000000 2980.95798704172830000000 8103.08392757538400000000 22026.46579480671800000000 59874.14171519782000000000 162754.79141900392000000000 442413.39200892050000000000 1202604.28416477680000000000 3269017.37247211070000000000 8886110.52050787200000000000 24154952.75357530000000000000 65659969.13733051000000000000
